#-----------------------------------------------------
#                 MAP 18*12 TUILES
#
#  Chaque ligne qui commence par '#' est un commentaire: on y met ce qu'on veut (exemple la légende plus bas)
#  chaque ligne qui commence par 'Mxx' est une liste de codes de tuile à utiliser pour constituer la ligne xx de la MAP
#  les codes doivent tous être séparés par des '|'
#  /!\ le première MAP ne doit pas avoir de VIDE /!\
#  les codes VIDE '  '(2 espaces) sont utilisés pour les MAP qui sont chargées en incrustation sur la première
#
#   |01|02|03|04|05|06|07|08|09|10|11|12|13|14|15|16|17|18|
#---------------------------------------------------------+  
M01 |  |  |  |  |  |  |  |  |  |  |  |  |  |  |  |  |  |  |
M02 |  |  |  |  |  |  |  |  |  |  |  |  |  |  |  |  |  |  |
M03 |  |  |p1|  |  |  |  |  |  |  |  |  |  |  |  |  |  |  |
M04 |  |  |  |  |  |  |  |  |  |  |  |  |  |  |  |  |  |  |
M05 |  |  |  |  |  |  |  |  |  |  |  |  |  |  |  |  |  |  |
M06 |  |  |  |  |  |  |  |  |  |  |  |  |  |  |  |  |  |  |
M07 |  |  |  |  |  |  |  |  |  |  |  |  |  |  |  |  |  |  |
M08 |  |  |  |  |  |  |  |  |  |  |  |  |  |  |  |  |  |  |
M09 |  |  |  |  |  |  |  |  |  |  |  |  |  |  |  |  |  |  |
M10 |  |  |  |  |  |  |  |  |  |  |  |  |  |  |  |p1|  |  |
M11 |  |  |  |  |  |  |  |  |  |  |  |  |  |  |  |  |  |  |
M12 |  |  |  |  |  |  |  |  |  |  |  |  |  |  |  |  |  |  |
#---------------------------------------------------------+
#     LEGENDE
#---------------------------------------------------------+
# '  ':(deux espaces)=VIDE
# '00': 'Ground_Tile_01_A_64x64.png', # fond désert 1
# '01': 'Ground_Tile_02_A_64x64.png', # fond désert 2
# 'h1': 'Hedge_A_01_64x64.png',       # bord haut gauche
# 'h2': 'Hedge_A_01b_64x64.png',      # bord haut droite
# 'h3': 'Hedge_A_01c_64x64.png',      # bord bas droite
# 'h4': 'Hedge_A_01d_64x64.png',      # bord bas gauche  
# 'b1': 'Hedge_A_02_64x64.png',       # bord haut
# 'b2': 'Hedge_A_02b_64x64.png',      # bord droite
# 'b3': 'Hedge_A_02c_64x64.png',      # bord bas
# 'b4': 'Hedge_A_02d_64x64.png',      # bord gauche
# 'p1': 'Platform_64x64.png',         # plateforme
# 'Ph': 'Block_AH_01_64x64.png',      # mur en pierres haut
# 'Pg': 'Block_AG_01_64x64.png',      # mur en pieres gauche
# 'Pd': 'Block_AD_01_64x64.png',      # mur en pierres droite
# 'Pb': 'Block_AB_01_64x64.png',      # mur en pierres bas
# 'P1': 'Block_AHG_02_64x64.png',     # mur petite pierres Haut Gauche
# 'P2': 'Block_AHD_02_64x64.png',     # mur petite pierres Haut Droite
# 'P3': 'Block_ABG_02_64x64.png',     # mur petite pierres Bas Gauche
# 'P4': 'Block_ABD_02_64x64.png',     # mur petite pierres Bas Droite
# 'R1': 'Rock_01_64x64.png',          # rochers 1
# 'Rm': 'Rock_01m_64x64.png',         # tas de rochers 1
# 'R2': 'Rock_02_64x64.png',          # rochers 2
# 'R3': 'Rock_03_64x64.png',          # rochers 3
# 'T7': 'Tree_07_64x64.png',          # sourche arbre 
# 'T8': 'Tree_08_64x64.png',          # souche arbre
# 'T9': 'Tree_09_64x64.png',          # souche arbre
# 'Tm': 'Tree_07m_64x64.png',         # souches multiples avec pierres
# 'T1': 'Log_64x64.png',              # tronc à terre horizontal
# 'T2': 'Logb_64x64.png',             # tronc à terre vertical
# 'c1': 'Cactus_01_64x64.png',        # cactus
# 'c2': 'Cactus_02_64x64.png',        # cactus
# 'c3': 'Cactus_03_64x64.png',        # cactus
# 's1': 'Decor_Tile_B_01_64x64.png',  # sol fermeture haut gauche
# 's2': 'Decor_Tile_B_02_64x64.png',  # sol fermeture haut
# 's3': 'Decor_Tile_B_03_64x64.png',  # sol fermeture haut droite
# 's4': 'Decor_Tile_B_04_64x64.png',  # sol fermeture gauche
# 's5': 'Decor_Tile_B_05_64x64.png',  # sol sans aucune fermeture
# 's6': 'Decor_Tile_B_06_64x64.png',  # sol fermeture droite
# 's7': 'Decor_Tile_B_07_64x64.png',  # sol fermeture bas gauche
# 's8': 'Decor_Tile_B_08_64x64.png',  # sol fermeture bas
# 's9': 'Decor_Tile_B_09_64x64.png',  # sol fermeture bas droite
# 'fa': 'Dot_A_64x64.png',            # marqueur rouge
# 'fb': 'Dot_B_64x64.png',            # marqueur bleu
#---------------------------------------------------------+
